N00021	O00123
SimpleWiz 4.0
N00031	M41
N00033	M98 P00124 L0004
N00036	G00
N00037	X+01.000	Y+01.000	
N00039	M30
N00041	G00
N00041	X+01.000	Y+01.000	F17.00
N00042	X+02.000	Y+03.000	
N00044	O00125
N00045	GM06 T12
N00046	X+01.000			Z+01.000	
N00047	M99
N00049	O00125
N00053	G00
N00053	X+00.000	Y+00.000	
N00054	X+01.000	Y+01.000	
N00055	M99
